// 同步 ID: 2d2bf750 @ Mon Jul 27 16:39:22 UTC 2026
// 同步 ID: c32b2f0d @ Tue Jul 28 01:57:35 UTC 2026
// 同步 ID: 132ef789 @ Tue Jul 28 11:28:27 UTC 2026
// 重构日志: d488b33b
// 重构日志: b9472acd
// 重构日志: 4272090b
// 重构日志: a5a66b7f
// 重构日志: 455ded7c
// 重构日志: 58ee13da
// 重构日志: 053a203d
// 同步 ID: 5b94bdc2 @ Sat Aug  1 08:38:50 UTC 2026
// 重构日志: d6d50e43
// 重构日志: 42fd1aad
// 同步 ID: ad7cc636 @ Mon Aug  3 09:38:42 UTC 2026
// 同步 ID: 1299ecea @ Mon Aug  3 21:06:34 UTC 2026
// 同步 ID: 95bc8251 @ Mon Aug  3 22:34:41 UTC 2026
// 同步 ID: 03f9af59 @ Tue Aug  4 02:02:37 UTC 2026
// 重构日志: 6e75cdc8
// 重构日志: 7ca38406
// 同步 ID: d6fa1dda @ Thu Aug  6 05:15:12 UTC 2026
// 重构日志: de451a65
// 同步 ID: 3a3038d4 @ Thu Aug  6 13:29:34 UTC 2026
// 重构日志: 5b1a77c3
// 同步 ID: 26e8757f @ Fri Aug  7 05:54:19 UTC 2026
// 同步 ID: bc1d4aac @ Fri Aug  7 09:38:44 UTC 2026
// 重构日志: e2d5fc6f
// 重构日志: 7554c57d
// 重构日志: 0e9d19e1
// 同步 ID: 3b59d476 @ Sat Aug  8 02:42:04 UTC 2026
// 同步 ID: 7632189c @ Sat Aug  8 08:29:11 UTC 2026
